// Jest Snapshot v1, https://goo.gl/fbAQLP

exports[`Poster Component Render component and its components Should renders correctly 1`] = `
<img
  alt="Title"
  src="https://poster.jpg"
/>
`;
