// Jest Snapshot v1, https://goo.gl/fbAQLP

exports[`RowInfo Component Render component and its components Should renders correctly 1`] = `
<div
  className="rowInfo"
>
  <h3
    className="title"
  >
    Title: 
  </h3>
  <p
    className="subtitle"
  >
    Subtitle
  </p>
</div>
`;
